[INFO] Scanning for projects...
[INFO] 
[INFO] --------------< com.automation:selenium-testng-framework >--------------
[INFO] Building Selenium TestNG Framework 1.0-SNAPSHOT
[INFO]   from pom.xml
[INFO] --------------------------------[ jar ]---------------------------------
[INFO] 
[INFO] --- resources:3.3.1:resources (default-resources) @ selenium-testng-framework ---
[INFO] skip non existing resourceDirectory C:\Users\viva\eclipse-workspace\AIAGENT\src\main\resources
[INFO] 
[INFO] --- compiler:3.11.0:compile (default-compile) @ selenium-testng-framework ---
[INFO] No sources to compile
[INFO] 
[INFO] --- resources:3.3.1:testResources (default-testResources) @ selenium-testng-framework ---
[INFO] Copying 1 resource from src\test\resources to target\test-classes
[INFO] 
[INFO] --- compiler:3.11.0:testCompile (default-testCompile) @ selenium-testng-framework ---
[INFO] Nothing to compile - all classes are up to date
[INFO] 
[INFO] --- surefire:3.1.2:test (default-test) @ selenium-testng-framework ---
[INFO] Using auto detected provider org.apache.maven.surefire.testng.TestNGProvider
[INFO] 
[INFO] -------------------------------------------------------
[INFO]  T E S T S
[INFO] -------------------------------------------------------
[INFO] Running TestSuite
C:\maven\apache-maven-3.9.12\bin\mvn.cmd : SLF4J: Failed to load class 
"org.slf4j.impl.StaticLoggerBinder".
At line:1 char:1
+ C:\maven\apache-maven-3.9.12\bin\mvn.cmd test > test-results.txt 2>&1 ...
+ ~~~~~~~~~~~~~~~~~~~~~~~~~~~~~~~~~~~~~~~~~~~~~~~~~~~~~~~~~~~~~~~~~~~~~
    + CategoryInfo          : NotSpecified: (SLF4J: Failed t...cLoggerBinder". 
   :String) [], RemoteException
    + FullyQualifiedErrorId : NativeCommandError
 
SLF4J: Defaulting to no-operation (NOP) logger implementation
SLF4J: See http://www.slf4j.org/codes.html#StaticLoggerBinder for further 
details.
Mar 06, 2026 11:59:47 AM org.openqa.selenium.devtools.CdpVersionFinder 
findNearestMatch
WARNING: Unable to find CDP implementation matching 145
Mar 06, 2026 11:59:47 AM org.openqa.selenium.chromium.ChromiumDriver 
lambda$new$5
WARNING: Unable to find version of CDP to use for 145.0.7632.117. You may need 
to include a dependency on a specific version of the CDP using something 
similar to `org.seleniumhq.selenium:selenium-devtools-v86:4.15.0` where the 
version ("v86") matches the version of the chromium-based browser you're using 
and the version number of the artifact is the same as Selenium's.
Mar 06, 2026 11:59:48 AM com.automation.base.BaseTest setUp
INFO: Browser initialized and navigated to: https://www.google.com
Mar 06, 2026 11:59:48 AM com.automation.base.BaseTest tearDown
INFO: Browser closed successfully
Mar 06, 2026 11:59:49 AM org.openqa.selenium.devtools.CdpVersionFinder 
findNearestMatch
WARNING: Unable to find CDP implementation matching 145
Mar 06, 2026 11:59:49 AM org.openqa.selenium.chromium.ChromiumDriver 
lambda$new$5
WARNING: Unable to find version of CDP to use for 145.0.7632.117. You may need 
to include a dependency on a specific version of the CDP using something 
similar to `org.seleniumhq.selenium:selenium-devtools-v86:4.15.0` where the 
version ("v86") matches the version of the chromium-based browser you're using 
and the version number of the artifact is the same as Selenium's.
Mar 06, 2026 11:59:50 AM com.automation.base.BaseTest setUp
INFO: Browser initialized and navigated to: https://www.google.com
Mar 06, 2026 11:59:50 AM com.automation.base.BaseTest tearDown
INFO: Browser closed successfully
Mar 06, 2026 11:59:51 AM org.openqa.selenium.devtools.CdpVersionFinder 
findNearestMatch
WARNING: Unable to find CDP implementation matching 145
Mar 06, 2026 11:59:51 AM org.openqa.selenium.chromium.ChromiumDriver 
lambda$new$5
WARNING: Unable to find version of CDP to use for 145.0.7632.117. You may need 
to include a dependency on a specific version of the CDP using something 
similar to `org.seleniumhq.selenium:selenium-devtools-v86:4.15.0` where the 
version ("v86") matches the version of the chromium-based browser you're using 
and the version number of the artifact is the same as Selenium's.
Mar 06, 2026 11:59:52 AM com.automation.base.BaseTest setUp
INFO: Browser initialized and navigated to: https://www.google.com
Mar 06, 2026 11:59:54 AM com.automation.base.BaseTest tearDown
INFO: Browser closed successfully
[ERROR] Tests run: 3, Failures: 1, Errors: 0, Skipped: 0, Time elapsed: 9.400 s <<< FAILURE! -- in TestSuite
[ERROR] com.automation.tests.GoogleSearchTest.testPerformSearch -- Time elapsed: 1.946 s <<< FAILURE!
java.lang.AssertionError: Search results page title does not contain search query expected [true] but found [false]
	at org.testng.Assert.fail(Assert.java:110)
	at org.testng.Assert.failNotEquals(Assert.java:1577)
	at org.testng.Assert.assertTrue(Assert.java:56)
	at com.automation.tests.GoogleSearchTest.testPerformSearch(GoogleSearchTest.java:32)
	at java.base/jdk.internal.reflect.NativeMethodAccessorImpl.invoke0(Native Method)
	at java.base/jdk.internal.reflect.NativeMethodAccessorImpl.invoke(NativeMethodAccessorImpl.java:77)
	at java.base/jdk.internal.reflect.DelegatingMethodAccessorImpl.invoke(DelegatingMethodAccessorImpl.java:43)
	at java.base/java.lang.reflect.Method.invoke(Method.java:569)
	at org.testng.internal.invokers.MethodInvocationHelper.invokeMethod(MethodInvocationHelper.java:139)
	at org.testng.internal.invokers.TestInvoker.invokeMethod(TestInvoker.java:677)
	at org.testng.internal.invokers.TestInvoker.invokeTestMethod(TestInvoker.java:221)
	at org.testng.internal.invokers.MethodRunner.runInSequence(MethodRunner.java:50)
	at org.testng.internal.invokers.TestInvoker$MethodInvocationAgent.invoke(TestInvoker.java:969)
	at org.testng.internal.invokers.TestInvoker.invokeTestMethods(TestInvoker.java:194)
	at org.testng.internal.invokers.TestMethodWorker.invokeTestMethods(TestMethodWorker.java:148)
	at org.testng.internal.invokers.TestMethodWorker.run(TestMethodWorker.java:128)
	at java.base/java.util.ArrayList.forEach(ArrayList.java:1511)
	at org.testng.TestRunner.privateRun(TestRunner.java:829)
	at org.testng.TestRunner.run(TestRunner.java:602)
	at org.testng.SuiteRunner.runTest(SuiteRunner.java:437)
	at org.testng.SuiteRunner.runSequentially(SuiteRunner.java:431)
	at org.testng.SuiteRunner.privateRun(SuiteRunner.java:391)
	at org.testng.SuiteRunner.run(SuiteRunner.java:330)
	at org.testng.SuiteRunnerWorker.runSuite(SuiteRunnerWorker.java:52)
	at org.testng.SuiteRunnerWorker.run(SuiteRunnerWorker.java:95)
	at org.testng.TestNG.runSuitesSequentially(TestNG.java:1256)
	at org.testng.TestNG.runSuitesLocally(TestNG.java:1176)
	at org.testng.TestNG.runSuites(TestNG.java:1099)
	at org.testng.TestNG.run(TestNG.java:1067)
	at org.apache.maven.surefire.testng.TestNGExecutor.run(TestNGExecutor.java:308)
	at org.apache.maven.surefire.testng.TestNGXmlTestSuite.execute(TestNGXmlTestSuite.java:71)
	at org.apache.maven.surefire.testng.TestNGProvider.invoke(TestNGProvider.java:113)
	at org.apache.maven.surefire.booter.ForkedBooter.runSuitesInProcess(ForkedBooter.java:385)
	at org.apache.maven.surefire.booter.ForkedBooter.execute(ForkedBooter.java:162)
	at org.apache.maven.surefire.booter.ForkedBooter.run(ForkedBooter.java:507)
	at org.apache.maven.surefire.booter.ForkedBooter.main(ForkedBooter.java:495)

[INFO] 
[INFO] Results:
[INFO] 
[ERROR] Failures: 
[ERROR]   GoogleSearchTest.testPerformSearch:32 Search results page title does not contain search query expected [true] but found [false]
[INFO] 
[ERROR] Tests run: 3, Failures: 1, Errors: 0, Skipped: 0
[INFO] 
[INFO] ------------------------------------------------------------------------
[INFO] BUILD FAILURE
[INFO] ------------------------------------------------------------------------
[INFO] Total time:  11.621 s
[INFO] Finished at: 2026-03-06T11:59:55+05:30
[INFO] ------------------------------------------------------------------------
[ERROR] Failed to execute goal org.apache.maven.plugins:maven-surefire-plugin:3.1.2:test (default-test) on project selenium-testng-framework: There are test failures.
[ERROR] 
[ERROR] Please refer to C:\Users\viva\eclipse-workspace\AIAGENT\target\surefire-reports for the individual test results.
[ERROR] Please refer to dump files (if any exist) [date].dump, [date]-jvmRun[N].dump and [date].dumpstream.
[ERROR] -> [Help 1]
[ERROR] 
[ERROR] To see the full stack trace of the errors, re-run Maven with the -e switch.
[ERROR] Re-run Maven using the -X switch to enable full debug logging.
[ERROR] 
[ERROR] For more information about the errors and possible solutions, please read the following articles:
[ERROR] [Help 1] http://cwiki.apache.org/confluence/display/MAVEN/MojoFailureException
